Archive member included because of file (symbol)

d:/imt tools/sdk/imt_sdk_win_64/imt_sdk_win_64/winavr/bin/../lib/gcc/avr/4.3.3/avr5\libgcc.a(_mulsi3.o)
                              ./TMR_program.o (__mulsi3)
d:/imt tools/sdk/imt_sdk_win_64/imt_sdk_win_64/winavr/bin/../lib/gcc/avr/4.3.3/avr5\libgcc.a(_udivmodsi4.o)
                              ./TMR_program.o (__udivmodsi4)
d:/imt tools/sdk/imt_sdk_win_64/imt_sdk_win_64/winavr/bin/../lib/gcc/avr/4.3.3/avr5\libgcc.a(_exit.o)
                              d:/imt tools/sdk/imt_sdk_win_64/imt_sdk_win_64/winavr/bin/../lib/gcc/avr/4.3.3/../../../../avr/lib/avr5/crtm32.o (exit)
d:/imt tools/sdk/imt_sdk_win_64/imt_sdk_win_64/winavr/bin/../lib/gcc/avr/4.3.3/avr5\libgcc.a(_clear_bss.o)
                              ./RTO_program.o (__do_clear_bss)

Memory Configuration

Name             Origin             Length             Attributes
text             0x00000000         0x00020000         xr
data             0x00800060         0x0000ffa0         rw !x
eeprom           0x00810000         0x00010000         rw !x
fuse             0x00820000         0x00000400         rw !x
lock             0x00830000         0x00000400         rw !x
signature        0x00840000         0x00000400         rw !x
*default*        0x00000000         0xffffffff

Linker script and memory map

LOAD d:/imt tools/sdk/imt_sdk_win_64/imt_sdk_win_64/winavr/bin/../lib/gcc/avr/4.3.3/../../../../avr/lib/avr5/crtm32.o
LOAD ./DIO_program.o
LOAD ./GI_program.o
LOAD ./RTO_program.o
LOAD ./TMR_program.o
LOAD ./main.o
LOAD d:/imt tools/sdk/imt_sdk_win_64/imt_sdk_win_64/winavr/bin/../lib/gcc/avr/4.3.3/avr5\libgcc.a
LOAD d:/imt tools/sdk/imt_sdk_win_64/imt_sdk_win_64/winavr/bin/../lib/gcc/avr/4.3.3/../../../../avr/lib/avr5\libc.a
LOAD d:/imt tools/sdk/imt_sdk_win_64/imt_sdk_win_64/winavr/bin/../lib/gcc/avr/4.3.3/avr5\libgcc.a

.hash
 *(.hash)

.dynsym
 *(.dynsym)

.dynstr
 *(.dynstr)

.gnu.version
 *(.gnu.version)

.gnu.version_d
 *(.gnu.version_d)

.gnu.version_r
 *(.gnu.version_r)

.rel.init
 *(.rel.init)

.rela.init
 *(.rela.init)

.rel.text
 *(.rel.text)
 *(.rel.text.*)
 *(.rel.gnu.linkonce.t*)

.rela.text
 *(.rela.text)
 *(.rela.text.*)
 *(.rela.gnu.linkonce.t*)

.rel.fini
 *(.rel.fini)

.rela.fini
 *(.rela.fini)

.rel.rodata
 *(.rel.rodata)
 *(.rel.rodata.*)
 *(.rel.gnu.linkonce.r*)

.rela.rodata
 *(.rela.rodata)
 *(.rela.rodata.*)
 *(.rela.gnu.linkonce.r*)

.rel.data
 *(.rel.data)
 *(.rel.data.*)
 *(.rel.gnu.linkonce.d*)

.rela.data
 *(.rela.data)
 *(.rela.data.*)
 *(.rela.gnu.linkonce.d*)

.rel.ctors
 *(.rel.ctors)

.rela.ctors
 *(.rela.ctors)

.rel.dtors
 *(.rel.dtors)

.rela.dtors
 *(.rela.dtors)

.rel.got
 *(.rel.got)

.rela.got
 *(.rela.got)

.rel.bss
 *(.rel.bss)

.rela.bss
 *(.rela.bss)

.rel.plt
 *(.rel.plt)

.rela.plt
 *(.rela.plt)

.text           0x00000000     0x13e4
 *(.vectors)
 .vectors       0x00000000       0x54 d:/imt tools/sdk/imt_sdk_win_64/imt_sdk_win_64/winavr/bin/../lib/gcc/avr/4.3.3/../../../../avr/lib/avr5/crtm32.o
                0x00000000                __vectors
                0x00000000                __vector_default
 *(.vectors)
 *(.progmem.gcc*)
 *(.progmem*)
                0x00000054                . = ALIGN (0x2)
                0x00000054                __trampolines_start = .
 *(.trampolines)
 .trampolines   0x00000054        0x0 linker stubs
 *(.trampolines*)
                0x00000054                __trampolines_end = .
 *(.jumptables)
 *(.jumptables*)
 *(.lowtext)
 *(.lowtext*)
                0x00000054                __ctors_start = .
 *(.ctors)
                0x00000054                __ctors_end = .
                0x00000054                __dtors_start = .
 *(.dtors)
                0x00000054                __dtors_end = .
 SORT(*)(.ctors)
 SORT(*)(.dtors)
 *(.init0)
 .init0         0x00000054        0x0 d:/imt tools/sdk/imt_sdk_win_64/imt_sdk_win_64/winavr/bin/../lib/gcc/avr/4.3.3/../../../../avr/lib/avr5/crtm32.o
                0x00000054                __init
 *(.init0)
 *(.init1)
 *(.init1)
 *(.init2)
 .init2         0x00000054        0xc d:/imt tools/sdk/imt_sdk_win_64/imt_sdk_win_64/winavr/bin/../lib/gcc/avr/4.3.3/../../../../avr/lib/avr5/crtm32.o
 *(.init2)
 *(.init3)
 *(.init3)
 *(.init4)
 .init4         0x00000060       0x10 d:/imt tools/sdk/imt_sdk_win_64/imt_sdk_win_64/winavr/bin/../lib/gcc/avr/4.3.3/avr5\libgcc.a(_clear_bss.o)
                0x00000060                __do_clear_bss
 *(.init4)
 *(.init5)
 *(.init5)
 *(.init6)
 *(.init6)
 *(.init7)
 *(.init7)
 *(.init8)
 *(.init8)
 *(.init9)
 .init9         0x00000070        0x8 d:/imt tools/sdk/imt_sdk_win_64/imt_sdk_win_64/winavr/bin/../lib/gcc/avr/4.3.3/../../../../avr/lib/avr5/crtm32.o
 *(.init9)
 *(.text)
 .text          0x00000078        0x4 d:/imt tools/sdk/imt_sdk_win_64/imt_sdk_win_64/winavr/bin/../lib/gcc/avr/4.3.3/../../../../avr/lib/avr5/crtm32.o
                0x00000078                __vector_1
                0x00000078                __vector_12
                0x00000078                __bad_interrupt
                0x00000078                __vector_3
                0x00000078                __vector_13
                0x00000078                __vector_17
                0x00000078                __vector_19
                0x00000078                __vector_5
                0x00000078                __vector_4
                0x00000078                __vector_9
                0x00000078                __vector_2
                0x00000078                __vector_15
                0x00000078                __vector_8
                0x00000078                __vector_14
                0x00000078                __vector_16
                0x00000078                __vector_18
                0x00000078                __vector_20
 .text          0x0000007c        0x0 ./DIO_program.o
 .text          0x0000007c        0x0 ./GI_program.o
 .text          0x0000007c        0x0 ./RTO_program.o
 .text          0x0000007c        0x0 ./TMR_program.o
 .text          0x0000007c        0x0 ./main.o
 .text          0x0000007c        0x0 d:/imt tools/sdk/imt_sdk_win_64/imt_sdk_win_64/winavr/bin/../lib/gcc/avr/4.3.3/avr5\libgcc.a(_mulsi3.o)
 .text          0x0000007c        0x0 d:/imt tools/sdk/imt_sdk_win_64/imt_sdk_win_64/winavr/bin/../lib/gcc/avr/4.3.3/avr5\libgcc.a(_udivmodsi4.o)
 .text          0x0000007c        0x0 d:/imt tools/sdk/imt_sdk_win_64/imt_sdk_win_64/winavr/bin/../lib/gcc/avr/4.3.3/avr5\libgcc.a(_exit.o)
 .text          0x0000007c        0x0 d:/imt tools/sdk/imt_sdk_win_64/imt_sdk_win_64/winavr/bin/../lib/gcc/avr/4.3.3/avr5\libgcc.a(_clear_bss.o)
                0x0000007c                . = ALIGN (0x2)
 *(.text.*)
 .text.DIO_u8Init
                0x0000007c       0x44 ./DIO_program.o
                0x0000007c                DIO_u8Init
 .text.DIO_u8SetPinDirection
                0x000000c0      0x254 ./DIO_program.o
                0x000000c0                DIO_u8SetPinDirection
 .text.DIO_u8SetPinValue
                0x00000314      0x254 ./DIO_program.o
                0x00000314                DIO_u8SetPinValue
 .text.DIO_u8GetPinValue
                0x00000568      0x212 ./DIO_program.o
                0x00000568                DIO_u8GetPinValue
 .text.DIO_u8SetPortDirection
                0x0000077a      0x148 ./DIO_program.o
                0x0000077a                DIO_u8SetPortDirection
 .text.DIO_u8SetPortValue
                0x000008c2       0x90 ./DIO_program.o
                0x000008c2                DIO_u8SetPortValue
 .text.DIO_u8GetPortValue
                0x00000952       0xb0 ./DIO_program.o
                0x00000952                DIO_u8GetPortValue
 .text.GI_voidEnable
                0x00000a02       0x1c ./GI_program.o
                0x00000a02                GI_voidEnable
 .text.GI_voidDisable
                0x00000a1e       0x1c ./GI_program.o
                0x00000a1e                GI_voidDisable
 .text.RTO_u8CreateTask
                0x00000a3a       0xb2 ./RTO_program.o
                0x00000a3a                RTO_u8CreateTask
 .text.RTO_voidScheduler
                0x00000aec       0xf0 ./RTO_program.o
 .text.RTO_voidInit
                0x00000bdc       0x26 ./RTO_program.o
                0x00000bdc                RTO_voidInit
 .text.TMR_voidTimer0Init
                0x00000c02       0x70 ./TMR_program.o
                0x00000c02                TMR_voidTimer0Init
 .text.TMR_u8Timer1GetCounterValue
                0x00000c72       0x3c ./TMR_program.o
                0x00000c72                TMR_u8Timer1GetCounterValue
 .text.TMR_voidTimer1Init
                0x00000cae       0xb6 ./TMR_program.o
                0x00000cae                TMR_voidTimer1Init
 .text.TMR_voidTimer1SetCompareMatchValueChannelA
                0x00000d64       0x24 ./TMR_program.o
                0x00000d64                TMR_voidTimer1SetCompareMatchValueChannelA
 .text.TMR_voidTimer1CTCCounter
                0x00000d88       0x24 ./TMR_program.o
                0x00000d88                TMR_voidTimer1CTCCounter
 .text.TMR_voidTimer0SetCompareMatchValue
                0x00000dac       0x1c ./TMR_program.o
                0x00000dac                TMR_voidTimer0SetCompareMatchValue
 .text.TMR_u8Timer0OVFSetCallBack
                0x00000dc8       0x3a ./TMR_program.o
                0x00000dc8                TMR_u8Timer0OVFSetCallBack
 .text.TMR_u8Timer0CTCSetCallBack
                0x00000e02       0x3a ./TMR_program.o
                0x00000e02                TMR_u8Timer0CTCSetCallBack
 .text.TMR_u8Timer1CTCSetCallBack
                0x00000e3c       0x3a ./TMR_program.o
                0x00000e3c                TMR_u8Timer1CTCSetCallBack
 .text.TMR_voidHWICUEnable
                0x00000e76       0x2a ./TMR_program.o
                0x00000e76                TMR_voidHWICUEnable
 .text.TMR_voidHWICUDisable
                0x00000ea0       0x1c ./TMR_program.o
                0x00000ea0                TMR_voidHWICUDisable
 .text.TMR_u8GetPWMTotalPeriod
                0x00000ebc       0x52 ./TMR_program.o
                0x00000ebc                TMR_u8GetPWMTotalPeriod
 .text.TMR_u8GetPWMDutyCycle
                0x00000f0e       0x8a ./TMR_program.o
                0x00000f0e                TMR_u8GetPWMDutyCycle
 .text.TMR_u8GetPWMOnPeriod
                0x00000f98       0x3c ./TMR_program.o
                0x00000f98                TMR_u8GetPWMOnPeriod
 .text.__vector_11
                0x00000fd4       0x98 ./TMR_program.o
                0x00000fd4                __vector_11
 .text.__vector_10
                0x0000106c       0x90 ./TMR_program.o
                0x0000106c                __vector_10
 .text.__vector_6
                0x000010fc       0xbe ./TMR_program.o
                0x000010fc                __vector_6
 .text.__vector_7
                0x000011ba       0xba ./TMR_program.o
                0x000011ba                __vector_7
 .text.main     0x00001274       0x48 ./main.o
                0x00001274                main
 .text.App_voidTask1
                0x000012bc       0x36 ./main.o
                0x000012bc                App_voidTask1
 .text.App_voidTask2
                0x000012f2       0x36 ./main.o
                0x000012f2                App_voidTask2
 .text.App_voidTask3
                0x00001328       0x36 ./main.o
                0x00001328                App_voidTask3
 .text.libgcc   0x0000135e       0x3e d:/imt tools/sdk/imt_sdk_win_64/imt_sdk_win_64/winavr/bin/../lib/gcc/avr/4.3.3/avr5\libgcc.a(_mulsi3.o)
                0x0000135e                __mulsi3
 .text.libgcc   0x0000139c       0x44 d:/imt tools/sdk/imt_sdk_win_64/imt_sdk_win_64/winavr/bin/../lib/gcc/avr/4.3.3/avr5\libgcc.a(_udivmodsi4.o)
                0x0000139c                __udivmodsi4
 .text.libgcc   0x000013e0        0x0 d:/imt tools/sdk/imt_sdk_win_64/imt_sdk_win_64/winavr/bin/../lib/gcc/avr/4.3.3/avr5\libgcc.a(_exit.o)
 .text.libgcc   0x000013e0        0x0 d:/imt tools/sdk/imt_sdk_win_64/imt_sdk_win_64/winavr/bin/../lib/gcc/avr/4.3.3/avr5\libgcc.a(_clear_bss.o)
                0x000013e0                . = ALIGN (0x2)
 *(.fini9)
 .fini9         0x000013e0        0x0 d:/imt tools/sdk/imt_sdk_win_64/imt_sdk_win_64/winavr/bin/../lib/gcc/avr/4.3.3/avr5\libgcc.a(_exit.o)
                0x000013e0                exit
                0x000013e0                _exit
 *(.fini9)
 *(.fini8)
 *(.fini8)
 *(.fini7)
 *(.fini7)
 *(.fini6)
 *(.fini6)
 *(.fini5)
 *(.fini5)
 *(.fini4)
 *(.fini4)
 *(.fini3)
 *(.fini3)
 *(.fini2)
 *(.fini2)
 *(.fini1)
 *(.fini1)
 *(.fini0)
 .fini0         0x000013e0        0x4 d:/imt tools/sdk/imt_sdk_win_64/imt_sdk_win_64/winavr/bin/../lib/gcc/avr/4.3.3/avr5\libgcc.a(_exit.o)
 *(.fini0)
                0x000013e4                _etext = .

.data           0x00800060        0x0 load address 0x000013e4
                0x00800060                PROVIDE (__data_start, .)
 *(.data)
 .data          0x00800060        0x0 d:/imt tools/sdk/imt_sdk_win_64/imt_sdk_win_64/winavr/bin/../lib/gcc/avr/4.3.3/../../../../avr/lib/avr5/crtm32.o
 .data          0x00800060        0x0 ./DIO_program.o
 .data          0x00800060        0x0 ./GI_program.o
 .data          0x00800060        0x0 ./RTO_program.o
 .data          0x00800060        0x0 ./TMR_program.o
 .data          0x00800060        0x0 ./main.o
 .data          0x00800060        0x0 d:/imt tools/sdk/imt_sdk_win_64/imt_sdk_win_64/winavr/bin/../lib/gcc/avr/4.3.3/avr5\libgcc.a(_mulsi3.o)
 .data          0x00800060        0x0 d:/imt tools/sdk/imt_sdk_win_64/imt_sdk_win_64/winavr/bin/../lib/gcc/avr/4.3.3/avr5\libgcc.a(_udivmodsi4.o)
 .data          0x00800060        0x0 d:/imt tools/sdk/imt_sdk_win_64/imt_sdk_win_64/winavr/bin/../lib/gcc/avr/4.3.3/avr5\libgcc.a(_exit.o)
 .data          0x00800060        0x0 d:/imt tools/sdk/imt_sdk_win_64/imt_sdk_win_64/winavr/bin/../lib/gcc/avr/4.3.3/avr5\libgcc.a(_clear_bss.o)
 *(.data*)
 *(.rodata)
 *(.rodata*)
 *(.gnu.linkonce.d*)
                0x00800060                . = ALIGN (0x2)
                0x00800060                _edata = .
                0x00800060                PROVIDE (__data_end, .)

.bss            0x00800060       0x2a
                0x00800060                PROVIDE (__bss_start, .)
 *(.bss)
 .bss           0x00800060        0x0 d:/imt tools/sdk/imt_sdk_win_64/imt_sdk_win_64/winavr/bin/../lib/gcc/avr/4.3.3/../../../../avr/lib/avr5/crtm32.o
 .bss           0x00800060        0x0 ./DIO_program.o
 .bss           0x00800060        0x0 ./GI_program.o
 .bss           0x00800060        0x0 ./RTO_program.o
 .bss           0x00800060        0x0 ./TMR_program.o
 .bss           0x00800060        0x0 ./main.o
 .bss           0x00800060        0x0 d:/imt tools/sdk/imt_sdk_win_64/imt_sdk_win_64/winavr/bin/../lib/gcc/avr/4.3.3/avr5\libgcc.a(_mulsi3.o)
 .bss           0x00800060        0x0 d:/imt tools/sdk/imt_sdk_win_64/imt_sdk_win_64/winavr/bin/../lib/gcc/avr/4.3.3/avr5\libgcc.a(_udivmodsi4.o)
 .bss           0x00800060        0x0 d:/imt tools/sdk/imt_sdk_win_64/imt_sdk_win_64/winavr/bin/../lib/gcc/avr/4.3.3/avr5\libgcc.a(_exit.o)
 .bss           0x00800060        0x0 d:/imt tools/sdk/imt_sdk_win_64/imt_sdk_win_64/winavr/bin/../lib/gcc/avr/4.3.3/avr5\libgcc.a(_clear_bss.o)
 *(.bss*)
 .bss.RTO_AstrTasks
                0x00800060       0x12 ./RTO_program.o
 .bss.TMR_pfTimer0OVF
                0x00800072        0x2 ./TMR_program.o
 .bss.TMR_pfTimer0CTC
                0x00800074        0x2 ./TMR_program.o
 .bss.TMR_pfTimer1CTC
                0x00800076        0x2 ./TMR_program.o
 .bss.TMR1_ISR_CTC_Counter
                0x00800078        0x2 ./TMR_program.o
 .bss.Local_u16Counter.1421
                0x0080007a        0x2 ./TMR_program.o
 .bss.Local_u16Counter.1437
                0x0080007c        0x2 ./TMR_program.o
 .bss.Local_u16OldValue.1454
                0x0080007e        0x2 ./TMR_program.o
 .bss.Local_u8Flag.1453
                0x00800080        0x1 ./TMR_program.o
 .bss.Local_u16Counter.1477
                0x00800081        0x2 ./TMR_program.o
 .bss.TMR_u16OnPeriod
                0x00800083        0x2 ./TMR_program.o
 .bss.TMR_u16OffPeriod
                0x00800085        0x2 ./TMR_program.o
 .bss.flag.1232
                0x00800087        0x1 ./main.o
 .bss.flag.1240
                0x00800088        0x1 ./main.o
 .bss.flag.1248
                0x00800089        0x1 ./main.o
 *(COMMON)
                0x0080008a                PROVIDE (__bss_end, .)
                0x000013e4                __data_load_start = LOADADDR (.data)
                0x000013e4                __data_load_end = (__data_load_start + SIZEOF (.data))

.noinit         0x0080008a        0x0
                0x0080008a                PROVIDE (__noinit_start, .)
 *(.noinit*)
                0x0080008a                PROVIDE (__noinit_end, .)
                0x0080008a                _end = .
                0x0080008a                PROVIDE (__heap_start, .)

.eeprom         0x00810000        0x0
 *(.eeprom*)
                0x00810000                __eeprom_end = .

.fuse
 *(.fuse)
 *(.lfuse)
 *(.hfuse)
 *(.efuse)

.lock
 *(.lock*)

.signature
 *(.signature*)

.stab           0x00000000     0x1998
 *(.stab)
 .stab          0x00000000      0x87c ./DIO_program.o
 .stab          0x0000087c      0x144 ./GI_program.o
                                0x1bc (size before relaxing)
 .stab          0x000009c0      0x2c4 ./RTO_program.o
                                0x33c (size before relaxing)
 .stab          0x00000c84      0xa2c ./TMR_program.o
                                0xaa4 (size before relaxing)
 .stab          0x000016b0      0x2e8 ./main.o
                                0x360 (size before relaxing)

.stabstr        0x00000000      0xade
 *(.stabstr)
 .stabstr       0x00000000      0xade ./DIO_program.o

.stab.excl
 *(.stab.excl)

.stab.exclstr
 *(.stab.exclstr)

.stab.index
 *(.stab.index)

.stab.indexstr
 *(.stab.indexstr)

.comment
 *(.comment)

.debug
 *(.debug)

.line
 *(.line)

.debug_srcinfo
 *(.debug_srcinfo)

.debug_sfnames
 *(.debug_sfnames)

.debug_aranges
 *(.debug_aranges)

.debug_pubnames
 *(.debug_pubnames)

.debug_info
 *(.debug_info)
 *(.gnu.linkonce.wi.*)

.debug_abbrev
 *(.debug_abbrev)

.debug_line
 *(.debug_line)

.debug_frame
 *(.debug_frame)

.debug_str
 *(.debug_str)

.debug_loc
 *(.debug_loc)

.debug_macinfo
 *(.debug_macinfo)
OUTPUT(RTOS_TEST.elf elf32-avr)
LOAD linker stubs
