Archive member included because of file (symbol)

d:/imt tools/sdk/imt_sdk_win_64/imt_sdk_win_64/winavr/bin/../lib/gcc/avr/4.3.3/avr5\libgcc.a(_mulsi3.o)
                              ./TMR_program.o (__mulsi3)
d:/imt tools/sdk/imt_sdk_win_64/imt_sdk_win_64/winavr/bin/../lib/gcc/avr/4.3.3/avr5\libgcc.a(_udivmodsi4.o)
                              ./TMR_program.o (__udivmodsi4)
d:/imt tools/sdk/imt_sdk_win_64/imt_sdk_win_64/winavr/bin/../lib/gcc/avr/4.3.3/avr5\libgcc.a(_exit.o)
                              d:/imt tools/sdk/imt_sdk_win_64/imt_sdk_win_64/winavr/bin/../lib/gcc/avr/4.3.3/../../../../avr/lib/avr5/crtm32.o (exit)
d:/imt tools/sdk/imt_sdk_win_64/imt_sdk_win_64/winavr/bin/../lib/gcc/avr/4.3.3/avr5\libgcc.a(_clear_bss.o)
                              ./EXTI_program.o (__do_clear_bss)

Memory Configuration

Name             Origin             Length             Attributes
text             0x00000000         0x00020000         xr
data             0x00800060         0x0000ffa0         rw !x
eeprom           0x00810000         0x00010000         rw !x
fuse             0x00820000         0x00000400         rw !x
lock             0x00830000         0x00000400         rw !x
signature        0x00840000         0x00000400         rw !x
*default*        0x00000000         0xffffffff

Linker script and memory map

LOAD d:/imt tools/sdk/imt_sdk_win_64/imt_sdk_win_64/winavr/bin/../lib/gcc/avr/4.3.3/../../../../avr/lib/avr5/crtm32.o
LOAD ./DIO_program.o
LOAD ./EXTI_program.o
LOAD ./GI_program.o
LOAD ./TMR_program.o
LOAD ./main.o
LOAD d:/imt tools/sdk/imt_sdk_win_64/imt_sdk_win_64/winavr/bin/../lib/gcc/avr/4.3.3/avr5\libgcc.a
LOAD d:/imt tools/sdk/imt_sdk_win_64/imt_sdk_win_64/winavr/bin/../lib/gcc/avr/4.3.3/../../../../avr/lib/avr5\libc.a
LOAD d:/imt tools/sdk/imt_sdk_win_64/imt_sdk_win_64/winavr/bin/../lib/gcc/avr/4.3.3/avr5\libgcc.a

.hash
 *(.hash)

.dynsym
 *(.dynsym)

.dynstr
 *(.dynstr)

.gnu.version
 *(.gnu.version)

.gnu.version_d
 *(.gnu.version_d)

.gnu.version_r
 *(.gnu.version_r)

.rel.init
 *(.rel.init)

.rela.init
 *(.rela.init)

.rel.text
 *(.rel.text)
 *(.rel.text.*)
 *(.rel.gnu.linkonce.t*)

.rela.text
 *(.rela.text)
 *(.rela.text.*)
 *(.rela.gnu.linkonce.t*)

.rel.fini
 *(.rel.fini)

.rela.fini
 *(.rela.fini)

.rel.rodata
 *(.rel.rodata)
 *(.rel.rodata.*)
 *(.rel.gnu.linkonce.r*)

.rela.rodata
 *(.rela.rodata)
 *(.rela.rodata.*)
 *(.rela.gnu.linkonce.r*)

.rel.data
 *(.rel.data)
 *(.rel.data.*)
 *(.rel.gnu.linkonce.d*)

.rela.data
 *(.rela.data)
 *(.rela.data.*)
 *(.rela.gnu.linkonce.d*)

.rel.ctors
 *(.rel.ctors)

.rela.ctors
 *(.rela.ctors)

.rel.dtors
 *(.rel.dtors)

.rela.dtors
 *(.rela.dtors)

.rel.got
 *(.rel.got)

.rela.got
 *(.rela.got)

.rel.bss
 *(.rel.bss)

.rela.bss
 *(.rela.bss)

.rel.plt
 *(.rel.plt)

.rela.plt
 *(.rela.plt)

.text           0x00000000     0x15d0
 *(.vectors)
 .vectors       0x00000000       0x54 d:/imt tools/sdk/imt_sdk_win_64/imt_sdk_win_64/winavr/bin/../lib/gcc/avr/4.3.3/../../../../avr/lib/avr5/crtm32.o
                0x00000000                __vectors
                0x00000000                __vector_default
 *(.vectors)
 *(.progmem.gcc*)
 *(.progmem*)
                0x00000054                . = ALIGN (0x2)
                0x00000054                __trampolines_start = .
 *(.trampolines)
 .trampolines   0x00000054        0x0 linker stubs
 *(.trampolines*)
                0x00000054                __trampolines_end = .
 *(.jumptables)
 *(.jumptables*)
 *(.lowtext)
 *(.lowtext*)
                0x00000054                __ctors_start = .
 *(.ctors)
                0x00000054                __ctors_end = .
                0x00000054                __dtors_start = .
 *(.dtors)
                0x00000054                __dtors_end = .
 SORT(*)(.ctors)
 SORT(*)(.dtors)
 *(.init0)
 .init0         0x00000054        0x0 d:/imt tools/sdk/imt_sdk_win_64/imt_sdk_win_64/winavr/bin/../lib/gcc/avr/4.3.3/../../../../avr/lib/avr5/crtm32.o
                0x00000054                __init
 *(.init0)
 *(.init1)
 *(.init1)
 *(.init2)
 .init2         0x00000054        0xc d:/imt tools/sdk/imt_sdk_win_64/imt_sdk_win_64/winavr/bin/../lib/gcc/avr/4.3.3/../../../../avr/lib/avr5/crtm32.o
 *(.init2)
 *(.init3)
 *(.init3)
 *(.init4)
 .init4         0x00000060       0x10 d:/imt tools/sdk/imt_sdk_win_64/imt_sdk_win_64/winavr/bin/../lib/gcc/avr/4.3.3/avr5\libgcc.a(_clear_bss.o)
                0x00000060                __do_clear_bss
 *(.init4)
 *(.init5)
 *(.init5)
 *(.init6)
 *(.init6)
 *(.init7)
 *(.init7)
 *(.init8)
 *(.init8)
 *(.init9)
 .init9         0x00000070        0x8 d:/imt tools/sdk/imt_sdk_win_64/imt_sdk_win_64/winavr/bin/../lib/gcc/avr/4.3.3/../../../../avr/lib/avr5/crtm32.o
 *(.init9)
 *(.text)
 .text          0x00000078        0x4 d:/imt tools/sdk/imt_sdk_win_64/imt_sdk_win_64/winavr/bin/../lib/gcc/avr/4.3.3/../../../../avr/lib/avr5/crtm32.o
                0x00000078                __vector_12
                0x00000078                __bad_interrupt
                0x00000078                __vector_13
                0x00000078                __vector_17
                0x00000078                __vector_19
                0x00000078                __vector_5
                0x00000078                __vector_4
                0x00000078                __vector_9
                0x00000078                __vector_15
                0x00000078                __vector_8
                0x00000078                __vector_14
                0x00000078                __vector_16
                0x00000078                __vector_18
                0x00000078                __vector_20
 .text          0x0000007c        0x0 ./DIO_program.o
 .text          0x0000007c        0x0 ./EXTI_program.o
 .text          0x0000007c        0x0 ./GI_program.o
 .text          0x0000007c        0x0 ./TMR_program.o
 .text          0x0000007c        0x0 ./main.o
 .text          0x0000007c        0x0 d:/imt tools/sdk/imt_sdk_win_64/imt_sdk_win_64/winavr/bin/../lib/gcc/avr/4.3.3/avr5\libgcc.a(_mulsi3.o)
 .text          0x0000007c        0x0 d:/imt tools/sdk/imt_sdk_win_64/imt_sdk_win_64/winavr/bin/../lib/gcc/avr/4.3.3/avr5\libgcc.a(_udivmodsi4.o)
 .text          0x0000007c        0x0 d:/imt tools/sdk/imt_sdk_win_64/imt_sdk_win_64/winavr/bin/../lib/gcc/avr/4.3.3/avr5\libgcc.a(_exit.o)
 .text          0x0000007c        0x0 d:/imt tools/sdk/imt_sdk_win_64/imt_sdk_win_64/winavr/bin/../lib/gcc/avr/4.3.3/avr5\libgcc.a(_clear_bss.o)
                0x0000007c                . = ALIGN (0x2)
 *(.text.*)
 .text.DIO_u8Init
                0x0000007c       0x44 ./DIO_program.o
                0x0000007c                DIO_u8Init
 .text.DIO_u8SetPinDirection
                0x000000c0      0x254 ./DIO_program.o
                0x000000c0                DIO_u8SetPinDirection
 .text.DIO_u8SetPinValue
                0x00000314      0x254 ./DIO_program.o
                0x00000314                DIO_u8SetPinValue
 .text.DIO_u8GetPinValue
                0x00000568      0x212 ./DIO_program.o
                0x00000568                DIO_u8GetPinValue
 .text.DIO_u8SetPortDirection
                0x0000077a      0x148 ./DIO_program.o
                0x0000077a                DIO_u8SetPortDirection
 .text.DIO_u8SetPortValue
                0x000008c2       0x90 ./DIO_program.o
                0x000008c2                DIO_u8SetPortValue
 .text.DIO_u8GetPortValue
                0x00000952       0xb0 ./DIO_program.o
                0x00000952                DIO_u8GetPortValue
 .text.EXTI_u8SetCallBack
                0x00000a02       0x50 ./EXTI_program.o
                0x00000a02                EXTI_u8SetCallBack
 .text.EXTI_u8Enable
                0x00000a52      0x23e ./EXTI_program.o
                0x00000a52                EXTI_u8Enable
 .text.EXTI_u8Disable
                0x00000c90       0x7a ./EXTI_program.o
                0x00000c90                EXTI_u8Disable
 .text.__vector_1
                0x00000d0a       0x66 ./EXTI_program.o
                0x00000d0a                __vector_1
 .text.__vector_2
                0x00000d70       0x66 ./EXTI_program.o
                0x00000d70                __vector_2
 .text.__vector_3
                0x00000dd6       0x66 ./EXTI_program.o
                0x00000dd6                __vector_3
 .text.GI_voidEnable
                0x00000e3c       0x1c ./GI_program.o
                0x00000e3c                GI_voidEnable
 .text.GI_voidDisable
                0x00000e58       0x1c ./GI_program.o
                0x00000e58                GI_voidDisable
 .text.TMR_voidTimer0Init
                0x00000e74       0x70 ./TMR_program.o
                0x00000e74                TMR_voidTimer0Init
 .text.TMR_u8Timer1GetCounterValue
                0x00000ee4       0x3c ./TMR_program.o
                0x00000ee4                TMR_u8Timer1GetCounterValue
 .text.TMR_voidTimer1Init
                0x00000f20       0xb6 ./TMR_program.o
                0x00000f20                TMR_voidTimer1Init
 .text.TMR_voidTimer1SetCompareMatchValueChannelA
                0x00000fd6       0x24 ./TMR_program.o
                0x00000fd6                TMR_voidTimer1SetCompareMatchValueChannelA
 .text.TMR_voidTimer1CTCCounter
                0x00000ffa       0x24 ./TMR_program.o
                0x00000ffa                TMR_voidTimer1CTCCounter
 .text.TMR_voidTimer0SetCompareMatchValue
                0x0000101e       0x1c ./TMR_program.o
                0x0000101e                TMR_voidTimer0SetCompareMatchValue
 .text.TMR_u8Timer0OVFSetCallBack
                0x0000103a       0x3a ./TMR_program.o
                0x0000103a                TMR_u8Timer0OVFSetCallBack
 .text.TMR_u8Timer0CTCSetCallBack
                0x00001074       0x3a ./TMR_program.o
                0x00001074                TMR_u8Timer0CTCSetCallBack
 .text.TMR_u8Timer1CTCSetCallBack
                0x000010ae       0x3a ./TMR_program.o
                0x000010ae                TMR_u8Timer1CTCSetCallBack
 .text.TMR_voidHWICUEnable
                0x000010e8       0x2a ./TMR_program.o
                0x000010e8                TMR_voidHWICUEnable
 .text.TMR_voidHWICUDisable
                0x00001112       0x1c ./TMR_program.o
                0x00001112                TMR_voidHWICUDisable
 .text.TMR_u8GetPWMTotalPeriod
                0x0000112e       0x52 ./TMR_program.o
                0x0000112e                TMR_u8GetPWMTotalPeriod
 .text.TMR_u8GetPWMDutyCycle
                0x00001180       0x8a ./TMR_program.o
                0x00001180                TMR_u8GetPWMDutyCycle
 .text.TMR_u8GetPWMOnPeriod
                0x0000120a       0x3c ./TMR_program.o
                0x0000120a                TMR_u8GetPWMOnPeriod
 .text.__vector_11
                0x00001246       0x98 ./TMR_program.o
                0x00001246                __vector_11
 .text.__vector_10
                0x000012de       0x90 ./TMR_program.o
                0x000012de                __vector_10
 .text.__vector_6
                0x0000136e       0xbe ./TMR_program.o
                0x0000136e                __vector_6
 .text.__vector_7
                0x0000142c       0xba ./TMR_program.o
                0x0000142c                __vector_7
 .text.main     0x000014e6       0x2e ./main.o
                0x000014e6                main
 .text.App_voidTogLed
                0x00001514       0x36 ./main.o
                0x00001514                App_voidTogLed
 .text.libgcc   0x0000154a       0x3e d:/imt tools/sdk/imt_sdk_win_64/imt_sdk_win_64/winavr/bin/../lib/gcc/avr/4.3.3/avr5\libgcc.a(_mulsi3.o)
                0x0000154a                __mulsi3
 .text.libgcc   0x00001588       0x44 d:/imt tools/sdk/imt_sdk_win_64/imt_sdk_win_64/winavr/bin/../lib/gcc/avr/4.3.3/avr5\libgcc.a(_udivmodsi4.o)
                0x00001588                __udivmodsi4
 .text.libgcc   0x000015cc        0x0 d:/imt tools/sdk/imt_sdk_win_64/imt_sdk_win_64/winavr/bin/../lib/gcc/avr/4.3.3/avr5\libgcc.a(_exit.o)
 .text.libgcc   0x000015cc        0x0 d:/imt tools/sdk/imt_sdk_win_64/imt_sdk_win_64/winavr/bin/../lib/gcc/avr/4.3.3/avr5\libgcc.a(_clear_bss.o)
                0x000015cc                . = ALIGN (0x2)
 *(.fini9)
 .fini9         0x000015cc        0x0 d:/imt tools/sdk/imt_sdk_win_64/imt_sdk_win_64/winavr/bin/../lib/gcc/avr/4.3.3/avr5\libgcc.a(_exit.o)
                0x000015cc                exit
                0x000015cc                _exit
 *(.fini9)
 *(.fini8)
 *(.fini8)
 *(.fini7)
 *(.fini7)
 *(.fini6)
 *(.fini6)
 *(.fini5)
 *(.fini5)
 *(.fini4)
 *(.fini4)
 *(.fini3)
 *(.fini3)
 *(.fini2)
 *(.fini2)
 *(.fini1)
 *(.fini1)
 *(.fini0)
 .fini0         0x000015cc        0x4 d:/imt tools/sdk/imt_sdk_win_64/imt_sdk_win_64/winavr/bin/../lib/gcc/avr/4.3.3/avr5\libgcc.a(_exit.o)
 *(.fini0)
                0x000015d0                _etext = .

.data           0x00800060        0x0 load address 0x000015d0
                0x00800060                PROVIDE (__data_start, .)
 *(.data)
 .data          0x00800060        0x0 d:/imt tools/sdk/imt_sdk_win_64/imt_sdk_win_64/winavr/bin/../lib/gcc/avr/4.3.3/../../../../avr/lib/avr5/crtm32.o
 .data          0x00800060        0x0 ./DIO_program.o
 .data          0x00800060        0x0 ./EXTI_program.o
 .data          0x00800060        0x0 ./GI_program.o
 .data          0x00800060        0x0 ./TMR_program.o
 .data          0x00800060        0x0 ./main.o
 .data          0x00800060        0x0 d:/imt tools/sdk/imt_sdk_win_64/imt_sdk_win_64/winavr/bin/../lib/gcc/avr/4.3.3/avr5\libgcc.a(_mulsi3.o)
 .data          0x00800060        0x0 d:/imt tools/sdk/imt_sdk_win_64/imt_sdk_win_64/winavr/bin/../lib/gcc/avr/4.3.3/avr5\libgcc.a(_udivmodsi4.o)
 .data          0x00800060        0x0 d:/imt tools/sdk/imt_sdk_win_64/imt_sdk_win_64/winavr/bin/../lib/gcc/avr/4.3.3/avr5\libgcc.a(_exit.o)
 .data          0x00800060        0x0 d:/imt tools/sdk/imt_sdk_win_64/imt_sdk_win_64/winavr/bin/../lib/gcc/avr/4.3.3/avr5\libgcc.a(_clear_bss.o)
 *(.data*)
 *(.rodata)
 *(.rodata*)
 *(.gnu.linkonce.d*)
                0x00800060                . = ALIGN (0x2)
                0x00800060                _edata = .
                0x00800060                PROVIDE (__data_end, .)

.bss            0x00800060       0x1c
                0x00800060                PROVIDE (__bss_start, .)
 *(.bss)
 .bss           0x00800060        0x0 d:/imt tools/sdk/imt_sdk_win_64/imt_sdk_win_64/winavr/bin/../lib/gcc/avr/4.3.3/../../../../avr/lib/avr5/crtm32.o
 .bss           0x00800060        0x0 ./DIO_program.o
 .bss           0x00800060        0x0 ./EXTI_program.o
 .bss           0x00800060        0x0 ./GI_program.o
 .bss           0x00800060        0x0 ./TMR_program.o
 .bss           0x00800060        0x0 ./main.o
 .bss           0x00800060        0x0 d:/imt tools/sdk/imt_sdk_win_64/imt_sdk_win_64/winavr/bin/../lib/gcc/avr/4.3.3/avr5\libgcc.a(_mulsi3.o)
 .bss           0x00800060        0x0 d:/imt tools/sdk/imt_sdk_win_64/imt_sdk_win_64/winavr/bin/../lib/gcc/avr/4.3.3/avr5\libgcc.a(_udivmodsi4.o)
 .bss           0x00800060        0x0 d:/imt tools/sdk/imt_sdk_win_64/imt_sdk_win_64/winavr/bin/../lib/gcc/avr/4.3.3/avr5\libgcc.a(_exit.o)
 .bss           0x00800060        0x0 d:/imt tools/sdk/imt_sdk_win_64/imt_sdk_win_64/winavr/bin/../lib/gcc/avr/4.3.3/avr5\libgcc.a(_clear_bss.o)
 *(.bss*)
 .bss.EXTI_ApfEXTI
                0x00800060        0x6 ./EXTI_program.o
 .bss.TMR_pfTimer0OVF
                0x00800066        0x2 ./TMR_program.o
 .bss.TMR_pfTimer0CTC
                0x00800068        0x2 ./TMR_program.o
 .bss.TMR_pfTimer1CTC
                0x0080006a        0x2 ./TMR_program.o
 .bss.TMR1_ISR_CTC_Counter
                0x0080006c        0x2 ./TMR_program.o
 .bss.Local_u16Counter.1421
                0x0080006e        0x2 ./TMR_program.o
 .bss.Local_u16Counter.1437
                0x00800070        0x2 ./TMR_program.o
 .bss.Local_u16OldValue.1454
                0x00800072        0x2 ./TMR_program.o
 .bss.Local_u8Flag.1453
                0x00800074        0x1 ./TMR_program.o
 .bss.Local_u16Counter.1477
                0x00800075        0x2 ./TMR_program.o
 .bss.TMR_u16OnPeriod
                0x00800077        0x2 ./TMR_program.o
 .bss.TMR_u16OffPeriod
                0x00800079        0x2 ./TMR_program.o
 .bss.Local_u8Flag.1335
                0x0080007b        0x1 ./main.o
 *(COMMON)
                0x0080007c                PROVIDE (__bss_end, .)
                0x000015d0                __data_load_start = LOADADDR (.data)
                0x000015d0                __data_load_end = (__data_load_start + SIZEOF (.data))

.noinit         0x0080007c        0x0
                0x0080007c                PROVIDE (__noinit_start, .)
 *(.noinit*)
                0x0080007c                PROVIDE (__noinit_end, .)
                0x0080007c                _end = .
                0x0080007c                PROVIDE (__heap_start, .)

.eeprom         0x00810000        0x0
 *(.eeprom*)
                0x00810000                __eeprom_end = .

.fuse
 *(.fuse)
 *(.lfuse)
 *(.hfuse)
 *(.efuse)

.lock
 *(.lock*)

.signature
 *(.signature*)

.stab           0x00000000     0x1c2c
 *(.stab)
 .stab          0x00000000      0x87c ./DIO_program.o
 .stab          0x0000087c      0x4bc ./EXTI_program.o
                                0x534 (size before relaxing)
 .stab          0x00000d38      0x144 ./GI_program.o
                                0x1bc (size before relaxing)
 .stab          0x00000e7c      0xa2c ./TMR_program.o
                                0xaa4 (size before relaxing)
 .stab          0x000018a8      0x384 ./main.o
                                0x3fc (size before relaxing)

.stabstr        0x00000000      0xe73
 *(.stabstr)
 .stabstr       0x00000000      0xe73 ./DIO_program.o

.stab.excl
 *(.stab.excl)

.stab.exclstr
 *(.stab.exclstr)

.stab.index
 *(.stab.index)

.stab.indexstr
 *(.stab.indexstr)

.comment
 *(.comment)

.debug
 *(.debug)

.line
 *(.line)

.debug_srcinfo
 *(.debug_srcinfo)

.debug_sfnames
 *(.debug_sfnames)

.debug_aranges
 *(.debug_aranges)

.debug_pubnames
 *(.debug_pubnames)

.debug_info
 *(.debug_info)
 *(.gnu.linkonce.wi.*)

.debug_abbrev
 *(.debug_abbrev)

.debug_line
 *(.debug_line)

.debug_frame
 *(.debug_frame)

.debug_str
 *(.debug_str)

.debug_loc
 *(.debug_loc)

.debug_macinfo
 *(.debug_macinfo)
OUTPUT(TIMER_Task.elf elf32-avr)
LOAD linker stubs
